Traceback (most recent call last):
  File "/usr/local/python/3.14.2/lib/python3.14/site-packages/jupyter_cache/executors/utils.py", line 58, in single_nb_execution
    executenb(
    ~~~~~~~~~^
        nb,
        ^^^
    ...<4 lines>...
        **kwargs,
        ^^^^^^^^^
    )
    ^
  File "/usr/local/python/3.14.2/lib/python3.14/site-packages/nbclient/client.py", line 1305, in execute
    return NotebookClient(nb=nb, resources=resources, km=km, **kwargs).execute()
           ~~~~~~~~~~~~~~~~~~~~~~~~~~~~~~~~~~~~~~~~~~~~~~~~~~~~~~~~~~~~~~~~~~~^^
  File "/home/codespace/.local/lib/python3.14/site-packages/jupyter_core/utils/__init__.py", line 165, in wrapped
    return loop.run_until_complete(inner)
           ~~~~~~~~~~~~~~~~~~~~~~~^^^^^^^
  File "/usr/local/python/3.14.2/lib/python3.14/asyncio/base_events.py", line 719, in run_until_complete
    return future.result()
           ~~~~~~~~~~~~~^^
  File "/usr/local/python/3.14.2/lib/python3.14/site-packages/nbclient/client.py", line 705, in async_execute
    await self.async_execute_cell(
        cell, index, execution_count=self.code_cells_executed + 1
    )
  File "/usr/local/python/3.14.2/lib/python3.14/site-packages/nbclient/client.py", line 1058, in async_execute_cell
    await self._check_raise_for_error(cell, cell_index, exec_reply)
  File "/usr/local/python/3.14.2/lib/python3.14/site-packages/nbclient/client.py", line 914, in _check_raise_for_error
    raise CellExecutionError.from_cell_and_msg(cell, exec_reply_content)
nbclient.exceptions.CellExecutionError: An error occurred while executing the following cell:
------------------
df = pd.read_excel("dataset_detik_200_berita.xlsx")

df.head()
------------------


[31m---------------------------------------------------------------------------[39m
[31mFileNotFoundError[39m                         Traceback (most recent call last)
[36mCell[39m[36m [39m[32mIn[3][39m[32m, line 1[39m
[32m----> [39m[32m1[39m df = pd.read_excel([33m"dataset_detik_200_berita.xlsx"[39m)
[32m      2[39m 
[32m      3[39m df.head()

[36mFile [39m[32m/usr/local/python/3.14.2/lib/python3.14/site-packages/pandas/io/excel/_base.py:481[39m, in [36mread_excel[39m[34m(io, sheet_name, header, names, index_col, usecols, dtype, engine, converters, true_values, false_values, skiprows, nrows, na_values, keep_default_na, na_filter, verbose, parse_dates, date_format, thousands, decimal, comment, skipfooter, storage_options, dtype_backend, engine_kwargs)[39m
[32m    479[39m [38;5;28;01mif[39;00m [38;5;129;01mnot[39;00m [38;5;28misinstance[39m(io, ExcelFile):
[32m    480[39m     should_close = [38;5;28;01mTrue[39;00m
[32m--> [39m[32m481[39m     io = [30;43mExcelFile[39;49m[30;43m([39;49m
[32m    482[39m [30;43m        [39;49m[30;43mio[39;49m[30;43m,[39;49m
[32m    483[39m [30;43m        [39;49m[30;43mstorage_options[39;49m[30;43m=[39;49m[30;43mstorage_options[39;49m[30;43m,[39;49m
[32m    484[39m [30;43m        [39;49m[30;43mengine[39;49m[30;43m=[39;49m[30;43mengine[39;49m[30;43m,[39;49m
[32m    485[39m [30;43m        [39;49m[30;43mengine_kwargs[39;49m[30;43m=[39;49m[30;43mengine_kwargs[39;49m[30;43m,[39;49m
[32m    486[39m [30;43m    [39;49m[30;43m)[39;49m
[32m    487[39m [38;5;28;01melif[39;00m engine [38;5;129;01mand[39;00m engine != io.engine:
[32m    488[39m     [38;5;28;01mraise[39;00m [38;5;167;01mValueError[39;00m(
[32m    489[39m         [33m"[39m[33mEngine should not be specified when passing [39m[33m"[39m
[32m    490[39m         [33m"[39m[33man ExcelFile - ExcelFile already has the engine set[39m[33m"[39m
[32m    491[39m     )

[36mFile [39m[32m/usr/local/python/3.14.2/lib/python3.14/site-packages/pandas/io/excel/_base.py:1604[39m, in [36mExcelFile.__init__[39m[34m(self, path_or_buffer, engine, storage_options, engine_kwargs)[39m
[32m   1601[39m         ext = [33m"[39m[33mxls[39m[33m"[39m
[32m   1603[39m [38;5;28;01mif[39;00m ext [38;5;129;01mis[39;00m [38;5;28;01mNone[39;00m:
[32m-> [39m[32m1604[39m     ext = [30;43minspect_excel_format[39;49m[30;43m([39;49m
[32m   1605[39m [30;43m        [39;49m[30;43mcontent_or_path[39;49m[30;43m=[39;49m[30;43mpath_or_buffer[39;49m[30;43m,[39;49m[30;43m [39;49m[30;43mstorage_options[39;49m[30;43m=[39;49m[30;43mstorage_options[39;49m
[32m   1606[39m [30;43m    [39;49m[30;43m)[39;49m
[32m   1607[39m     [38;5;28;01mif[39;00m ext [38;5;129;01mis[39;00m [38;5;28;01mNone[39;00m:
[32m   1608[39m         [38;5;28;01mraise[39;00m [38;5;167;01mValueError[39;00m(
[32m   1609[39m             [33m"[39m[33mExcel file format cannot be determined, you must specify [39m[33m"[39m
[32m   1610[39m             [33m"[39m[33man engine manually.[39m[33m"[39m
[32m   1611[39m         )

[36mFile [39m[32m/usr/local/python/3.14.2/lib/python3.14/site-packages/pandas/io/excel/_base.py:1452[39m, in [36minspect_excel_format[39m[34m(content_or_path, storage_options)[39m
[32m   1417[39m [38;5;28;01mdef[39;00m[38;5;250m [39m[34minspect_excel_format[39m(
[32m   1418[39m     content_or_path: FilePath | ReadBuffer[[38;5;28mbytes[39m],
[32m   1419[39m     storage_options: StorageOptions | [38;5;28;01mNone[39;00m = [38;5;28;01mNone[39;00m,
[32m   1420[39m ) -> [38;5;28mstr[39m | [38;5;28;01mNone[39;00m:
[32m   1421[39m [38;5;250m    [39m[33;03m"""[39;00m
[32m   1422[39m [33;03m    Inspect the path or content of an excel file and get its format.[39;00m
[32m   1423[39m 
[32m   (...)[39m[32m   1450[39m [33;03m        If resulting stream does not have an XLS signature and is not a valid zipfile.[39;00m
[32m   1451[39m [33;03m    """[39;00m
[32m-> [39m[32m1452[39m     [38;5;28;01mwith[39;00m [30;43mget_handle[39;49m[30;43m([39;49m
[32m   1453[39m [30;43m        [39;49m[30;43mcontent_or_path[39;49m[30;43m,[39;49m[30;43m [39;49m[30;43m"[39;49m[30;43mrb[39;49m[30;43m"[39;49m[30;43m,[39;49m[30;43m [39;49m[30;43mstorage_options[39;49m[30;43m=[39;49m[30;43mstorage_options[39;49m[30;43m,[39;49m[30;43m [39;49m[30;43mis_text[39;49m[30;43m=[39;49m[30;43;01mFalse[39;49;00m
[32m   1454[39m [30;43m    [39;49m[30;43m)[39;49m [38;5;28;01mas[39;00m handle:
[32m   1455[39m         stream = handle.handle
[32m   1456[39m         stream.seek([32m0[39m)

[36mFile [39m[32m/usr/local/python/3.14.2/lib/python3.14/site-packages/pandas/io/common.py:939[39m, in [36mget_handle[39m[34m(path_or_buf, mode, encoding, compression, memory_map, is_text, errors, storage_options)[39m
[32m    930[39m         handle = [38;5;28mopen[39m(
[32m    931[39m             handle,
[32m    932[39m             ioargs.mode,
[32m   (...)[39m[32m    935[39m             newline=[33m"[39m[33m"[39m,
[32m    936[39m         )
[32m    937[39m     [38;5;28;01melse[39;00m:
[32m    938[39m         [38;5;66;03m# Binary mode[39;00m
[32m--> [39m[32m939[39m         handle = [30;43mopen[39;49m[30;43m([39;49m[30;43mhandle[39;49m[30;43m,[39;49m[30;43m [39;49m[30;43mioargs[39;49m[30;43m.[39;49m[30;43mmode[39;49m[30;43m)[39;49m
[32m    940[39m     handles.append(handle)
[32m    942[39m [38;5;66;03m# Convert BytesIO or file objects passed with an encoding[39;00m

[31mFileNotFoundError[39m: [Errno 2] No such file or directory: 'dataset_detik_200_berita.xlsx'

